// Jest Snapshot v1, https://goo.gl/fbAQLP

exports[`Testing SignUpp renders correctly 1`] = `
<RCTSafeAreaView
  emulateUnlessSupported={true}
  style={
    Object {
      "backgroundColor": "#ddd",
      "flex": 1,
    }
  }
>
  <View
    style={
      Object {
        "alignItems": "center",
        "flex": 1,
        "justifyContent": "center",
      }
    }
  >
    <View
      accessibilityIgnoresInvertColors={true}
      style={
        Object {
          "alignSelf": "stretch",
          "flex": 1,
        }
      }
    >
      <Image
        source={
          Object {
            "testUri": "../../../src/backgrounds/BG2.png",
          }
        }
        style={
          Array [
            Object {
              "bottom": 0,
              "left": 0,
              "position": "absolute",
              "right": 0,
              "top": 0,
            },
            Object {
              "height": undefined,
              "width": undefined,
            },
            undefined,
          ]
        }
      />
      <View
        style={
          Object {
            "alignItems": "center",
            "flex": 1,
            "justifyContent": "center",
          }
        }
      >
        <Image
          source={
            Object {
              "testUri": "../../../src/icons/AMA_white.png",
            }
          }
          style={
            Object {
              "alignSelf": "center",
              "height": 50,
              "margin": 10,
              "width": 150,
            }
          }
        />
        <TextInput
          allowFontScaling={true}
          autoCapitalize="none"
          onChangeText={[Function]}
          placeholder="First Name"
          placeholderTextColor="white"
          style={
            Object {
              "backgroundColor": "rgba(57,189,225,0.6)",
              "borderColor": "white",
              "borderWidth": 1,
              "color": "white",
              "fontSize": 18,
              "height": 50,
              "marginTop": 8,
              "width": "90%",
            }
          }
          underlineColorAndroid="transparent"
          value=""
        />
        <TextInput
          allowFontScaling={true}
          autoCapitalize="none"
          onChangeText={[Function]}
          placeholder="Last Name"
          placeholderTextColor="white"
          style={
            Object {
              "backgroundColor": "rgba(57,189,225,0.6)",
              "borderColor": "white",
              "borderWidth": 1,
              "color": "white",
              "fontSize": 18,
              "height": 50,
              "marginTop": 8,
              "width": "90%",
            }
          }
          underlineColorAndroid="transparent"
          value=""
        />
        <TextInput
          allowFontScaling={true}
          autoCapitalize="none"
          onChangeText={[Function]}
          placeholder="Email"
          placeholderTextColor="white"
          style={
            Object {
              "backgroundColor": "rgba(57,189,225,0.6)",
              "borderColor": "white",
              "borderWidth": 1,
              "color": "white",
              "fontSize": 18,
              "height": 50,
              "marginTop": 8,
              "width": "90%",
            }
          }
          underlineColorAndroid="transparent"
          value=""
        />
        <TextInput
          allowFontScaling={true}
          autoCapitalize="none"
          onChangeText={[Function]}
          placeholder="Password"
          placeholderTextColor="white"
          secureTextEntry={true}
          style={
            Object {
              "backgroundColor": "rgba(57,189,225,0.6)",
              "borderColor": "white",
              "borderWidth": 1,
              "color": "white",
              "fontSize": 18,
              "height": 50,
              "marginTop": 8,
              "width": "90%",
            }
          }
          underlineColorAndroid="transparent"
          value=""
        />
        <TextInput
          allowFontScaling={true}
          autoCapitalize="none"
          onChangeText={[Function]}
          placeholder="Confirm Password"
          placeholderTextColor="white"
          secureTextEntry={true}
          style={
            Object {
              "backgroundColor": "rgba(57,189,225,0.6)",
              "borderColor": "white",
              "borderWidth": 1,
              "color": "white",
              "fontSize": 18,
              "height": 50,
              "marginTop": 8,
              "width": "90%",
            }
          }
          underlineColorAndroid="transparent"
          value=""
        />
        <View
          accessible={true}
          isTVSelectable={true}
          onResponderGrant={[Function]}
          onResponderMove={[Function]}
          onResponderRelease={[Function]}
          onResponderTerminate={[Function]}
          onResponderTerminationRequest={[Function]}
          onStartShouldSetResponder={[Function]}
          style={
            Object {
              "alignItems": "center",
              "alignSelf": "center",
              "backgroundColor": "rgba(127,141,221,0.6)",
              "borderColor": "white",
              "borderWidth": 1,
              "height": 50,
              "justifyContent": "center",
              "marginTop": 10,
              "opacity": 1,
              "width": "90%",
            }
          }
        >
          <Text
            style={
              Object {
                "color": "white",
                "fontSize": 18,
              }
            }
          >
            Sign Up
          </Text>
        </View>
        <View
          accessible={true}
          isTVSelectable={true}
          onResponderGrant={[Function]}
          onResponderMove={[Function]}
          onResponderRelease={[Function]}
          onResponderTerminate={[Function]}
          onResponderTerminationRequest={[Function]}
          onStartShouldSetResponder={[Function]}
          style={
            Object {
              "alignItems": "center",
              "alignSelf": "center",
              "backgroundColor": "rgba(127,141,221,0.6)",
              "borderColor": "white",
              "borderWidth": 1,
              "height": 50,
              "justifyContent": "center",
              "marginTop": 10,
              "opacity": 1,
              "width": "90%",
            }
          }
        >
          <Text
            style={
              Object {
                "color": "white",
                "fontSize": 18,
              }
            }
          >
            Already have an account? Log in here
          </Text>
        </View>
      </View>
    </View>
  </View>
</RCTSafeAreaView>
`;
